groundtruth groundtruth/c6288_trojan0_error_patterns.json
patterns 1000000000 depth 15 eval 100000 neg_ratio 50 mine_rounds 15 mine_max 100
p1_trigger 0.8 p1_notrigger 0.2 include_pi 1 no_filter 1 force_split 0 strict_retry 1
pattern_total 589416
trigger_patterns 294708
notrigger_patterns 294708
trojan_rates 0.5
gate_zero_ratio
train_pos 294708 train_neg 14735400
eval_normal 0 eval_false_pos 0
decision_tree_rules 1 depth_used 2 leaf_count 3
rule 1: r0=1 & 2721=1
sat_refine_round_start 1 max_models 100000 max_new 100
sat_enum_setup round 1 threads 16 prefix_bits 8 prefixes 256 target_prefixes 256 max_models 100000 max_new 100
sat_enum_progress round 1 models 5000
sat_enum_progress round 1 models 10000
sat_enum_progress round 1 models 15000
sat_enum_progress round 1 models 20000
sat_enum_progress round 1 models 25000
sat_enum_progress round 1 models 30000
sat_enum_progress round 1 models 35000
sat_enum_progress round 1 models 40000
sat_enum_progress round 1 models 45000
sat_enum_progress round 1 models 50000
sat_enum_progress round 1 models 55000
sat_enum_progress round 1 models 60000
sat_enum_progress round 1 models 65000
sat_enum_progress round 1 models 70000
sat_enum_progress round 1 models 75000
sat_enum_progress round 1 models 80000
sat_enum_progress round 1 models 85000
sat_enum_progress round 1 models 90000
sat_enum_progress round 1 models 95000
sat_enum_progress round 1 models 100000
sat_enum_thread_prefixes round 1 thread 0 prefixes 188
sat_enum_thread_prefixes round 1 thread 1 prefixes 1
sat_enum_thread_prefixes round 1 thread 2 prefixes 2
sat_enum_thread_prefixes round 1 thread 3 prefixes 1
sat_enum_thread_prefixes round 1 thread 4 prefixes 1
sat_enum_thread_prefixes round 1 thread 5 prefixes 1
sat_enum_thread_prefixes round 1 thread 6 prefixes 1
sat_enum_thread_prefixes round 1 thread 7 prefixes 2
sat_enum_thread_prefixes round 1 thread 8 prefixes 1
sat_enum_thread_prefixes round 1 thread 9 prefixes 1
sat_enum_thread_prefixes round 1 thread 10 prefixes 2
sat_enum_thread_prefixes round 1 thread 11 prefixes 1
sat_enum_thread_prefixes round 1 thread 12 prefixes 1
sat_enum_thread_prefixes round 1 thread 13 prefixes 1
sat_enum_thread_prefixes round 1 thread 14 prefixes 2
sat_enum_thread_prefixes round 1 thread 15 prefixes 2
sat_enum_prefix_dist round 1 min 1 max 188 avg 13 idle 0 total 208
sat_refine_round 1 sat_new_neg 0
training_set pos=294708 neg=14735400
hard_mined 0 rounds 1
decision_tree_rules 1 depth_used 2 leaf_count 3
rule 1: 2721=1 & r0=1
train_pos 294708 train_neg 14735400
train_false_neg 0 train_false_pos 0
eval_normal 0 eval_false_pos 0
mis match 294708
payload_patterns_with_mismatch 294708
payload_fanin_intersection nodes 1274
payload_fanin_node 1
payload_fanin_node 18
payload_fanin_node 35
payload_fanin_node 52
payload_fanin_node 69
payload_fanin_node 86
payload_fanin_node 103
payload_fanin_node 120
payload_fanin_node 137
payload_fanin_node 154
payload_fanin_node 171
payload_fanin_node 188
payload_fanin_node 205
payload_fanin_node 222
payload_fanin_node 239
payload_fanin_node 256
payload_fanin_node 273
payload_fanin_node 290
payload_fanin_node 307
payload_fanin_node 324
payload_fanin_node 341
payload_fanin_node 358
payload_fanin_node 375
payload_fanin_node 392
payload_fanin_node 409
payload_fanin_node 426
payload_fanin_node 443
payload_fanin_node 460
payload_fanin_node 477
payload_fanin_node 494
payload_fanin_node 511
payload_fanin_node 546
payload_fanin_node 549
payload_fanin_node 552
payload_fanin_node 555
payload_fanin_node 558
payload_fanin_node 561
payload_fanin_node 564
payload_fanin_node 567
payload_fanin_node 570
payload_fanin_node 573
payload_fanin_node 576
payload_fanin_node 579
payload_fanin_node 582
payload_fanin_node 585
payload_fanin_node 591
payload_fanin_node 594
payload_fanin_node 597
payload_fanin_node 600
payload_fanin_node 603
payload_fanin_node 606
payload_fanin_node 609
payload_fanin_node 612
payload_fanin_node 615
payload_fanin_node 618
payload_fanin_node 621
payload_fanin_node 624
payload_fanin_node 627
payload_fanin_node 630
payload_fanin_node 639
payload_fanin_node 642
payload_fanin_node 645
payload_fanin_node 648
payload_fanin_node 651
payload_fanin_node 654
payload_fanin_node 657
payload_fanin_node 660
payload_fanin_node 663
payload_fanin_node 666
payload_fanin_node 669
payload_fanin_node 672
payload_fanin_node 675
payload_fanin_node 687
payload_fanin_node 690
payload_fanin_node 693
payload_fanin_node 696
payload_fanin_node 699
payload_fanin_node 702
payload_fanin_node 705
payload_fanin_node 708
payload_fanin_node 711
payload_fanin_node 714
payload_fanin_node 717
payload_fanin_node 720
payload_fanin_node 735
payload_fanin_node 738
payload_fanin_node 741
payload_fanin_node 744
payload_fanin_node 747
payload_fanin_node 750
payload_fanin_node 753
payload_fanin_node 756
payload_fanin_node 759
payload_fanin_node 762
payload_fanin_node 765
payload_fanin_node 783
payload_fanin_node 786
payload_fanin_node 789
payload_fanin_node 792
payload_fanin_node 795
payload_fanin_node 798
payload_fanin_node 801
payload_fanin_node 804
payload_fanin_node 807
payload_fanin_node 810
payload_fanin_node 831
payload_fanin_node 834
payload_fanin_node 837
payload_fanin_node 840
payload_fanin_node 843
payload_fanin_node 846
payload_fanin_node 849
payload_fanin_node 852
payload_fanin_node 855
payload_fanin_node 879
payload_fanin_node 882
payload_fanin_node 885
payload_fanin_node 888
payload_fanin_node 891
payload_fanin_node 894
payload_fanin_node 897
payload_fanin_node 900
payload_fanin_node 927
payload_fanin_node 930
payload_fanin_node 933
payload_fanin_node 936
payload_fanin_node 939
payload_fanin_node 942
payload_fanin_node 945
payload_fanin_node 975
payload_fanin_node 978
payload_fanin_node 981
payload_fanin_node 984
payload_fanin_node 987
payload_fanin_node 990
payload_fanin_node 1023
payload_fanin_node 1026
payload_fanin_node 1029
payload_fanin_node 1032
payload_fanin_node 1035
payload_fanin_node 1071
payload_fanin_node 1074
payload_fanin_node 1077
payload_fanin_node 1080
payload_fanin_node 1119
payload_fanin_node 1122
payload_fanin_node 1125
payload_fanin_node 1167
payload_fanin_node 1170
payload_fanin_node 1173
payload_fanin_node 1176
payload_fanin_node 1179
payload_fanin_node 1182
payload_fanin_node 1185
payload_fanin_node 1188
payload_fanin_node 1191
payload_fanin_node 1194
payload_fanin_node 1197
payload_fanin_node 1200
payload_fanin_node 1203
payload_fanin_node 1206
payload_fanin_node 1215
payload_fanin_node 1218
payload_fanin_node 1221
payload_fanin_node 1224
payload_fanin_node 1227
payload_fanin_node 1230
payload_fanin_node 1233
payload_fanin_node 1236
payload_fanin_node 1239
payload_fanin_node 1242
payload_fanin_node 1245
payload_fanin_node 1248
payload_fanin_node 1251
payload_fanin_node 1254
payload_fanin_node 1263
payload_fanin_node 1266
payload_fanin_node 1269
payload_fanin_node 1272
payload_fanin_node 1275
payload_fanin_node 1278
payload_fanin_node 1281
payload_fanin_node 1284
payload_fanin_node 1287
payload_fanin_node 1290
payload_fanin_node 1293
payload_fanin_node 1296
payload_fanin_node 1299
payload_fanin_node 1311
payload_fanin_node 1315
payload_fanin_node 1319
payload_fanin_node 1323
payload_fanin_node 1327
payload_fanin_node 1331
payload_fanin_node 1335
payload_fanin_node 1339
payload_fanin_node 1343
payload_fanin_node 1347
payload_fanin_node 1351
payload_fanin_node 1355
payload_fanin_node 1359
payload_fanin_node 1363
payload_fanin_node 1367
payload_fanin_node 1371
payload_fanin_node 1372
payload_fanin_node 1373
payload_fanin_node 1374
payload_fanin_node 1375
payload_fanin_node 1376
payload_fanin_node 1377
payload_fanin_node 1378
payload_fanin_node 1379
payload_fanin_node 1380
payload_fanin_node 1381
payload_fanin_node 1382
payload_fanin_node 1383
payload_fanin_node 1384
payload_fanin_node 1385
payload_fanin_node 1386
payload_fanin_node 1387
payload_fanin_node 1388
payload_fanin_node 1389
payload_fanin_node 1390
payload_fanin_node 1391
payload_fanin_node 1392
payload_fanin_node 1393
payload_fanin_node 1394
payload_fanin_node 1395
payload_fanin_node 1396
payload_fanin_node 1397
payload_fanin_node 1398
payload_fanin_node 1399
payload_fanin_node 1400
payload_fanin_node 1401
payload_fanin_node 1404
payload_fanin_node 1407
payload_fanin_node 1410
payload_fanin_node 1413
payload_fanin_node 1416
payload_fanin_node 1419
payload_fanin_node 1422
payload_fanin_node 1425
payload_fanin_node 1428
payload_fanin_node 1431
payload_fanin_node 1434
payload_fanin_node 1437
payload_fanin_node 1440
payload_fanin_node 1443
payload_fanin_node 1446
payload_fanin_node 1450
payload_fanin_node 1454
payload_fanin_node 1458
payload_fanin_node 1462
payload_fanin_node 1466
payload_fanin_node 1470
payload_fanin_node 1474
payload_fanin_node 1478
payload_fanin_node 1482
payload_fanin_node 1486
payload_fanin_node 1490
payload_fanin_node 1494
payload_fanin_node 1498
payload_fanin_node 1502
payload_fanin_node 1508
payload_fanin_node 1511
payload_fanin_node 1512
payload_fanin_node 1513
payload_fanin_node 1516
payload_fanin_node 1517
payload_fanin_node 1518
payload_fanin_node 1521
payload_fanin_node 1522
payload_fanin_node 1523
payload_fanin_node 1526
payload_fanin_node 1527
payload_fanin_node 1528
payload_fanin_node 1531
payload_fanin_node 1532
payload_fanin_node 1533
payload_fanin_node 1536
payload_fanin_node 1537
payload_fanin_node 1538
payload_fanin_node 1541
payload_fanin_node 1542
payload_fanin_node 1543
payload_fanin_node 1546
payload_fanin_node 1547
payload_fanin_node 1548
payload_fanin_node 1551
payload_fanin_node 1552
payload_fanin_node 1553
payload_fanin_node 1556
payload_fanin_node 1557
payload_fanin_node 1558
payload_fanin_node 1561
payload_fanin_node 1562
payload_fanin_node 1563
payload_fanin_node 1566
payload_fanin_node 1567
payload_fanin_node 1568
payload_fanin_node 1571
payload_fanin_node 1572
payload_fanin_node 1573
payload_fanin_node 1576
payload_fanin_node 1577
payload_fanin_node 1578
payload_fanin_node 1582
payload_fanin_node 1585
payload_fanin_node 1588
payload_fanin_node 1591
payload_fanin_node 1594
payload_fanin_node 1597
payload_fanin_node 1600
payload_fanin_node 1603
payload_fanin_node 1606
payload_fanin_node 1609
payload_fanin_node 1612
payload_fanin_node 1615
payload_fanin_node 1618
payload_fanin_node 1621
payload_fanin_node 1624
payload_fanin_node 1628
payload_fanin_node 1632
payload_fanin_node 1636
payload_fanin_node 1640
payload_fanin_node 1644
payload_fanin_node 1648
payload_fanin_node 1652
payload_fanin_node 1656
payload_fanin_node 1660
payload_fanin_node 1664
payload_fanin_node 1668
payload_fanin_node 1672
payload_fanin_node 1676
payload_fanin_node 1680
payload_fanin_node 1684
payload_fanin_node 1685
payload_fanin_node 1686
payload_fanin_node 1687
payload_fanin_node 1688
payload_fanin_node 1689
payload_fanin_node 1690
payload_fanin_node 1691
payload_fanin_node 1692
payload_fanin_node 1693
payload_fanin_node 1694
payload_fanin_node 1695
payload_fanin_node 1696
payload_fanin_node 1697
payload_fanin_node 1698
payload_fanin_node 1699
payload_fanin_node 1700
payload_fanin_node 1701
payload_fanin_node 1702
payload_fanin_node 1703
payload_fanin_node 1704
payload_fanin_node 1705
payload_fanin_node 1706
payload_fanin_node 1707
payload_fanin_node 1708
payload_fanin_node 1709
payload_fanin_node 1710
payload_fanin_node 1711
payload_fanin_node 1712
payload_fanin_node 1713
payload_fanin_node 1714
payload_fanin_node 1717
payload_fanin_node 1720
payload_fanin_node 1723
payload_fanin_node 1726
payload_fanin_node 1729
payload_fanin_node 1732
payload_fanin_node 1735
payload_fanin_node 1738
payload_fanin_node 1741
payload_fanin_node 1744
payload_fanin_node 1747
payload_fanin_node 1750
payload_fanin_node 1753
payload_fanin_node 1756
payload_fanin_node 1759
payload_fanin_node 1763
payload_fanin_node 1767
payload_fanin_node 1771
payload_fanin_node 1775
payload_fanin_node 1779
payload_fanin_node 1783
payload_fanin_node 1787
payload_fanin_node 1791
payload_fanin_node 1795
payload_fanin_node 1799
payload_fanin_node 1803
payload_fanin_node 1807
payload_fanin_node 1811
payload_fanin_node 1815
payload_fanin_node 1819
payload_fanin_node 1820
payload_fanin_node 1821
payload_fanin_node 1826
payload_fanin_node 1829
payload_fanin_node 1830
payload_fanin_node 1831
payload_fanin_node 1834
payload_fanin_node 1835
payload_fanin_node 1836
payload_fanin_node 1839
payload_fanin_node 1840
payload_fanin_node 1841
payload_fanin_node 1844
payload_fanin_node 1845
payload_fanin_node 1846
payload_fanin_node 1849
payload_fanin_node 1850
payload_fanin_node 1851
payload_fanin_node 1854
payload_fanin_node 1855
payload_fanin_node 1856
payload_fanin_node 1859
payload_fanin_node 1860
payload_fanin_node 1861
payload_fanin_node 1864
payload_fanin_node 1865
payload_fanin_node 1866
payload_fanin_node 1869
payload_fanin_node 1870
payload_fanin_node 1871
payload_fanin_node 1874
payload_fanin_node 1875
payload_fanin_node 1876
payload_fanin_node 1879
payload_fanin_node 1880
payload_fanin_node 1881
payload_fanin_node 1884
payload_fanin_node 1885
payload_fanin_node 1891
payload_fanin_node 1894
payload_fanin_node 1897
payload_fanin_node 1902
payload_fanin_node 1905
payload_fanin_node 1908
payload_fanin_node 1911
payload_fanin_node 1914
payload_fanin_node 1917
payload_fanin_node 1920
payload_fanin_node 1923
payload_fanin_node 1926
payload_fanin_node 1929
payload_fanin_node 1932
payload_fanin_node 1935
payload_fanin_node 1941
payload_fanin_node 1945
payload_fanin_node 1946
payload_fanin_node 1947
payload_fanin_node 1951
payload_fanin_node 1955
payload_fanin_node 1959
payload_fanin_node 1963
payload_fanin_node 1967
payload_fanin_node 1971
payload_fanin_node 1975
payload_fanin_node 1979
payload_fanin_node 1983
payload_fanin_node 1987
payload_fanin_node 1991
payload_fanin_node 1999
payload_fanin_node 2000
payload_fanin_node 2001
payload_fanin_node 2004
payload_fanin_node 2005
payload_fanin_node 2006
payload_fanin_node 2007
payload_fanin_node 2008
payload_fanin_node 2009
payload_fanin_node 2010
payload_fanin_node 2011
payload_fanin_node 2012
payload_fanin_node 2013
payload_fanin_node 2014
payload_fanin_node 2015
payload_fanin_node 2016
payload_fanin_node 2017
payload_fanin_node 2018
payload_fanin_node 2019
payload_fanin_node 2020
payload_fanin_node 2021
payload_fanin_node 2022
payload_fanin_node 2023
payload_fanin_node 2024
payload_fanin_node 2025
payload_fanin_node 2026
payload_fanin_node 2027
payload_fanin_node 2030
payload_fanin_node 2033
payload_fanin_node 2037
payload_fanin_node 2040
payload_fanin_node 2043
payload_fanin_node 2046
payload_fanin_node 2049
payload_fanin_node 2052
payload_fanin_node 2055
payload_fanin_node 2058
payload_fanin_node 2061
payload_fanin_node 2064
payload_fanin_node 2067
payload_fanin_node 2070
payload_fanin_node 2076
payload_fanin_node 2080
payload_fanin_node 2081
payload_fanin_node 2082
payload_fanin_node 2085
payload_fanin_node 2089
payload_fanin_node 2093
payload_fanin_node 2097
payload_fanin_node 2101
payload_fanin_node 2105
payload_fanin_node 2109
payload_fanin_node 2113
payload_fanin_node 2117
payload_fanin_node 2121
payload_fanin_node 2125
payload_fanin_node 2129
payload_fanin_node 2139
payload_fanin_node 2142
payload_fanin_node 2145
payload_fanin_node 2151
payload_fanin_node 2154
payload_fanin_node 2155
payload_fanin_node 2156
payload_fanin_node 2159
payload_fanin_node 2160
payload_fanin_node 2161
payload_fanin_node 2164
payload_fanin_node 2165
payload_fanin_node 2166
payload_fanin_node 2169
payload_fanin_node 2170
payload_fanin_node 2171
payload_fanin_node 2174
payload_fanin_node 2175
payload_fanin_node 2176
payload_fanin_node 2179
payload_fanin_node 2180
payload_fanin_node 2181
payload_fanin_node 2184
payload_fanin_node 2185
payload_fanin_node 2186
payload_fanin_node 2189
payload_fanin_node 2190
payload_fanin_node 2191
payload_fanin_node 2194
payload_fanin_node 2195
payload_fanin_node 2196
payload_fanin_node 2199
payload_fanin_node 2200
payload_fanin_node 2201
payload_fanin_node 2204
payload_fanin_node 2205
payload_fanin_node 2217
payload_fanin_node 2221
payload_fanin_node 2222
payload_fanin_node 2224
payload_fanin_node 2227
payload_fanin_node 2230
payload_fanin_node 2233
payload_fanin_node 2236
payload_fanin_node 2239
payload_fanin_node 2242
payload_fanin_node 2245
payload_fanin_node 2248
payload_fanin_node 2251
payload_fanin_node 2254
payload_fanin_node 2264
payload_fanin_node 2265
payload_fanin_node 2266
payload_fanin_node 2269
payload_fanin_node 2273
payload_fanin_node 2277
payload_fanin_node 2281
payload_fanin_node 2285
payload_fanin_node 2289
payload_fanin_node 2293
payload_fanin_node 2297
payload_fanin_node 2301
payload_fanin_node 2305
payload_fanin_node 2309
payload_fanin_node 2319
payload_fanin_node 2322
payload_fanin_node 2326
payload_fanin_node 2327
payload_fanin_node 2328
payload_fanin_node 2329
payload_fanin_node 2330
payload_fanin_node 2331
payload_fanin_node 2332
payload_fanin_node 2333
payload_fanin_node 2334
payload_fanin_node 2335
payload_fanin_node 2336
payload_fanin_node 2337
payload_fanin_node 2338
payload_fanin_node 2339
payload_fanin_node 2340
payload_fanin_node 2341
payload_fanin_node 2342
payload_fanin_node 2343
payload_fanin_node 2344
payload_fanin_node 2345
payload_fanin_node 2346
payload_fanin_node 2347
payload_fanin_node 2353
payload_fanin_node 2357
payload_fanin_node 2358
payload_fanin_node 2359
payload_fanin_node 2362
payload_fanin_node 2365
payload_fanin_node 2368
payload_fanin_node 2371
payload_fanin_node 2374
payload_fanin_node 2377
payload_fanin_node 2380
payload_fanin_node 2383
payload_fanin_node 2386
payload_fanin_node 2389
payload_fanin_node 2392
payload_fanin_node 2404
payload_fanin_node 2407
payload_fanin_node 2410
payload_fanin_node 2414
payload_fanin_node 2418
payload_fanin_node 2422
payload_fanin_node 2426
payload_fanin_node 2430
payload_fanin_node 2434
payload_fanin_node 2438
payload_fanin_node 2442
payload_fanin_node 2446
payload_fanin_node 2450
payload_fanin_node 2454
payload_fanin_node 2470
payload_fanin_node 2474
payload_fanin_node 2475
payload_fanin_node 2478
payload_fanin_node 2481
payload_fanin_node 2482
payload_fanin_node 2483
payload_fanin_node 2486
payload_fanin_node 2487
payload_fanin_node 2488
payload_fanin_node 2491
payload_fanin_node 2492
payload_fanin_node 2493
payload_fanin_node 2496
payload_fanin_node 2497
payload_fanin_node 2498
payload_fanin_node 2501
payload_fanin_node 2502
payload_fanin_node 2503
payload_fanin_node 2506
payload_fanin_node 2507
payload_fanin_node 2508
payload_fanin_node 2511
payload_fanin_node 2512
payload_fanin_node 2513
payload_fanin_node 2516
payload_fanin_node 2517
payload_fanin_node 2518
payload_fanin_node 2521
payload_fanin_node 2522
payload_fanin_node 2523
payload_fanin_node 2526
payload_fanin_node 2527
payload_fanin_node 2543
payload_fanin_node 2544
payload_fanin_node 2545
payload_fanin_node 2549
payload_fanin_node 2552
payload_fanin_node 2555
payload_fanin_node 2558
payload_fanin_node 2561
payload_fanin_node 2564
payload_fanin_node 2567
payload_fanin_node 2570
payload_fanin_node 2573
payload_fanin_node 2576
payload_fanin_node 2588
payload_fanin_node 2591
payload_fanin_node 2595
payload_fanin_node 2599
payload_fanin_node 2603
payload_fanin_node 2607
payload_fanin_node 2611
payload_fanin_node 2615
payload_fanin_node 2619
payload_fanin_node 2623
payload_fanin_node 2627
payload_fanin_node 2631
payload_fanin_node 2644
payload_fanin_node 2648
payload_fanin_node 2649
payload_fanin_node 2650
payload_fanin_node 2653
payload_fanin_node 2654
payload_fanin_node 2655
payload_fanin_node 2656
payload_fanin_node 2657
payload_fanin_node 2658
payload_fanin_node 2659
payload_fanin_node 2660
payload_fanin_node 2661
payload_fanin_node 2662
payload_fanin_node 2663
payload_fanin_node 2664
payload_fanin_node 2665
payload_fanin_node 2666
payload_fanin_node 2667
payload_fanin_node 2668
payload_fanin_node 2669
payload_fanin_node 2670
payload_fanin_node 2671
payload_fanin_node 2672
payload_fanin_node 2684
payload_fanin_node 2687
payload_fanin_node 2690
payload_fanin_node 2694
payload_fanin_node 2697
payload_fanin_node 2700
payload_fanin_node 2703
payload_fanin_node 2706
payload_fanin_node 2709
payload_fanin_node 2712
payload_fanin_node 2715
payload_fanin_node 2718
payload_fanin_node 2721
payload_fanin_node 2739
payload_fanin_node 2743
payload_fanin_node 2744
payload_fanin_node 2745
payload_fanin_node 2749
payload_fanin_node 2753
payload_fanin_node 2757
payload_fanin_node 2761
payload_fanin_node 2765
payload_fanin_node 2769
payload_fanin_node 2773
payload_fanin_node 2777
payload_fanin_node 2781
payload_fanin_node 2801
payload_fanin_node 2802
payload_fanin_node 2803
payload_fanin_node 2808
payload_fanin_node 2811
payload_fanin_node 2812
payload_fanin_node 2813
payload_fanin_node 2816
payload_fanin_node 2817
payload_fanin_node 2818
payload_fanin_node 2821
payload_fanin_node 2822
payload_fanin_node 2823
payload_fanin_node 2826
payload_fanin_node 2827
payload_fanin_node 2828
payload_fanin_node 2831
payload_fanin_node 2832
payload_fanin_node 2833
payload_fanin_node 2836
payload_fanin_node 2837
payload_fanin_node 2838
payload_fanin_node 2841
payload_fanin_node 2842
payload_fanin_node 2843
payload_fanin_node 2846
payload_fanin_node 2847
payload_fanin_node 2848
payload_fanin_node 2851
payload_fanin_node 2852
payload_fanin_node 2870
payload_fanin_node 2873
payload_fanin_node 2878
payload_fanin_node 2881
payload_fanin_node 2884
payload_fanin_node 2887
payload_fanin_node 2890
payload_fanin_node 2893
payload_fanin_node 2896
payload_fanin_node 2899
payload_fanin_node r5
payload_fanin_node 2902
payload_fanin_node 2917
payload_fanin_node 2921
payload_fanin_node 2922
payload_fanin_node 2923
payload_fanin_node 2926
payload_fanin_node 2930
payload_fanin_node 2934
payload_fanin_node 2938
payload_fanin_node 2942
payload_fanin_node 2946
payload_fanin_node 2950
payload_fanin_node 2954
payload_fanin_node 2958
payload_fanin_node 2977
payload_fanin_node 2980
payload_fanin_node 2983
payload_fanin_node 2987
payload_fanin_node 2988
payload_fanin_node 2989
payload_fanin_node 2990
payload_fanin_node 2991
payload_fanin_node 2992
payload_fanin_node 2993
payload_fanin_node 2994
payload_fanin_node 2995
payload_fanin_node 2996
payload_fanin_node 2997
payload_fanin_node 2998
payload_fanin_node 2999
payload_fanin_node 3000
payload_fanin_node 3001
payload_fanin_node 3002
payload_fanin_node 3003
payload_fanin_node 3004
payload_fanin_node 3022
payload_fanin_node 3026
payload_fanin_node 3027
payload_fanin_node 3028
payload_fanin_node 3031
payload_fanin_node 3034
payload_fanin_node 3037
payload_fanin_node 3040
payload_fanin_node 3043
payload_fanin_node 3046
payload_fanin_node 3049
payload_fanin_node 3052
payload_fanin_node 3074
payload_fanin_node 3075
payload_fanin_node 3076
payload_fanin_node 3079
payload_fanin_node 3083
payload_fanin_node 3087
payload_fanin_node 3091
payload_fanin_node 3095
payload_fanin_node 3099
payload_fanin_node 3103
payload_fanin_node 3107
payload_fanin_node 3111
payload_fanin_node 3133
payload_fanin_node 3136
payload_fanin_node 3142
payload_fanin_node 3145
payload_fanin_node 3146
payload_fanin_node 3147
payload_fanin_node 3150
payload_fanin_node 3151
payload_fanin_node 3152
payload_fanin_node 3155
payload_fanin_node 3156
payload_fanin_node 3157
payload_fanin_node 3160
payload_fanin_node 3161
payload_fanin_node 3162
payload_fanin_node 3165
payload_fanin_node 3166
payload_fanin_node 3167
payload_fanin_node 3170
payload_fanin_node 3171
payload_fanin_node 3172
payload_fanin_node 3175
payload_fanin_node 3176
payload_fanin_node 3177
payload_fanin_node 3180
payload_fanin_node 3181
payload_fanin_node 3202
payload_fanin_node 3206
payload_fanin_node 3207
payload_fanin_node 3208
payload_fanin_node 3212
payload_fanin_node 3215
payload_fanin_node 3218
payload_fanin_node 3221
payload_fanin_node 3224
payload_fanin_node 3227
payload_fanin_node 3230
payload_fanin_node 3233
payload_fanin_node 3254
payload_fanin_node 3257
payload_fanin_node 3260
payload_fanin_node 3264
payload_fanin_node 3268
payload_fanin_node 3272
payload_fanin_node 3276
payload_fanin_node 3280
payload_fanin_node 3284
payload_fanin_node 3288
payload_fanin_node 3292
payload_fanin_node 3317
payload_fanin_node 3321
payload_fanin_node 3322
payload_fanin_node 3323
payload_fanin_node 3324
payload_fanin_node 3325
payload_fanin_node 3326
payload_fanin_node 3327
payload_fanin_node 3328
payload_fanin_node 3329
payload_fanin_node 3330
payload_fanin_node 3331
payload_fanin_node 3332
payload_fanin_node 3333
payload_fanin_node 3334
payload_fanin_node 3335
payload_fanin_node 3336
payload_fanin_node 3337
payload_fanin_node 3338
payload_fanin_node 3360
payload_fanin_node 3361
payload_fanin_node 3362
payload_fanin_node 3365
payload_fanin_node 3368
payload_fanin_node 3371
payload_fanin_node 3374
payload_fanin_node 3377
payload_fanin_node 3380
payload_fanin_node 3383
payload_fanin_node 3386
payload_fanin_node 3410
payload_fanin_node 3413
payload_fanin_node 3417
payload_fanin_node 3421
payload_fanin_node 3425
payload_fanin_node 3429
payload_fanin_node 3433
payload_fanin_node 3437
payload_fanin_node 3441
payload_fanin_node 3445
payload_fanin_node 3470
payload_fanin_node 3474
payload_fanin_node 3475
payload_fanin_node 3476
payload_fanin_node 3481
payload_fanin_node 3484
payload_fanin_node 3485
payload_fanin_node 3486
payload_fanin_node 3489
payload_fanin_node 3490
payload_fanin_node 3491
payload_fanin_node 3494
payload_fanin_node 3495
payload_fanin_node 3496
payload_fanin_node 3499
payload_fanin_node 3500
payload_fanin_node 3501
payload_fanin_node 3504
payload_fanin_node 3505
payload_fanin_node 3506
payload_fanin_node 3509
payload_fanin_node 3510
payload_fanin_node 3511
payload_fanin_node 3514
payload_fanin_node 3515
payload_fanin_node 3542
payload_fanin_node 3545
payload_fanin_node 3548
payload_fanin_node 3553
payload_fanin_node 3556
payload_fanin_node 3559
payload_fanin_node 3562
payload_fanin_node 3565
payload_fanin_node 3568
payload_fanin_node 3571
payload_fanin_node 3598
payload_fanin_node 3602
payload_fanin_node 3603
payload_fanin_node 3604
payload_fanin_node 3608
payload_fanin_node 3612
payload_fanin_node 3616
payload_fanin_node 3620
payload_fanin_node 3624
payload_fanin_node 3628
payload_fanin_node 3657
payload_fanin_node 3658
payload_fanin_node 3659
payload_fanin_node 3662
payload_fanin_node 3663
payload_fanin_node 3664
payload_fanin_node 3665
payload_fanin_node 3666
payload_fanin_node 3667
payload_fanin_node 3668
payload_fanin_node 3669
payload_fanin_node 3670
payload_fanin_node 3671
payload_fanin_node 3672
payload_fanin_node 3673
payload_fanin_node 3674
payload_fanin_node 3675
payload_fanin_node 3699
payload_fanin_node 3702
payload_fanin_node 3706
payload_fanin_node 3709
payload_fanin_node 3712
payload_fanin_node 3715
payload_fanin_node 3718
payload_fanin_node 3721
payload_fanin_node 3724
payload_fanin_node 3751
payload_fanin_node 3755
payload_fanin_node 3756
payload_fanin_node 3757
payload_fanin_node 3760
payload_fanin_node 3764
payload_fanin_node 3768
payload_fanin_node 3772
payload_fanin_node 3776
payload_fanin_node 3780
payload_fanin_node 3784
payload_fanin_node 3815
payload_fanin_node 3818
payload_fanin_node 3821
payload_fanin_node 3827
payload_fanin_node 3830
payload_fanin_node 3831
payload_fanin_node 3832
payload_fanin_node 3835
payload_fanin_node 3836
payload_fanin_node 3837
payload_fanin_node 3840
payload_fanin_node 3841
payload_fanin_node 3842
payload_fanin_node 3845
payload_fanin_node 3846
payload_fanin_node 3847
payload_fanin_node 3850
payload_fanin_node 3851
payload_fanin_node 3852
payload_fanin_node 3855
payload_fanin_node 3856
payload_fanin_node 3889
payload_fanin_node 3893
payload_fanin_node 3894
payload_fanin_node 3896
payload_fanin_node 3899
payload_fanin_node 3902
payload_fanin_node 3905
payload_fanin_node 3908
payload_fanin_node 3911
payload_fanin_node 3942
payload_fanin_node 3943
payload_fanin_node 3944
payload_fanin_node 3947
payload_fanin_node 3951
payload_fanin_node 3955
payload_fanin_node 3959
payload_fanin_node 3963
payload_fanin_node 3967
payload_fanin_node 3998
payload_fanin_node 4001
payload_fanin_node 4005
payload_fanin_node 4006
payload_fanin_node 4007
payload_fanin_node 4008
payload_fanin_node 4009
payload_fanin_node 4010
payload_fanin_node 4011
payload_fanin_node 4012
payload_fanin_node 4013
payload_fanin_node 4014
payload_fanin_node 4015
payload_fanin_node 4016
payload_fanin_node 4043
payload_fanin_node 4047
payload_fanin_node 4048
payload_fanin_node 4049
payload_fanin_node 4052
payload_fanin_node 4055
payload_fanin_node 4058
payload_fanin_node 4061
payload_fanin_node 4064
payload_fanin_node 4067
payload_fanin_node 4100
payload_fanin_node 4103
payload_fanin_node 4106
payload_fanin_node 4110
payload_fanin_node 4114
payload_fanin_node 4118
payload_fanin_node 4122
payload_fanin_node 4126
payload_fanin_node 4130
payload_fanin_node 4167
payload_fanin_node 4171
payload_fanin_node 4172
payload_fanin_node 4175
payload_fanin_node 4178
payload_fanin_node 4179
payload_fanin_node 4180
payload_fanin_node 4183
payload_fanin_node 4184
payload_fanin_node 4185
payload_fanin_node 4188
payload_fanin_node 4189
payload_fanin_node 4190
payload_fanin_node 4193
payload_fanin_node 4194
payload_fanin_node 4195
payload_fanin_node 4198
payload_fanin_node 4199
payload_fanin_node 4236
payload_fanin_node 4237
payload_fanin_node 4238
payload_fanin_node 4242
payload_fanin_node 4245
payload_fanin_node 4248
payload_fanin_node 4251
payload_fanin_node 4254
payload_fanin_node 4287
payload_fanin_node 4290
payload_fanin_node 4294
payload_fanin_node 4298
payload_fanin_node 4302
payload_fanin_node 4306
payload_fanin_node 4310
payload_fanin_node 4344
payload_fanin_node 4348
payload_fanin_node 4349
payload_fanin_node 4350
payload_fanin_node 4353
payload_fanin_node 4354
payload_fanin_node 4355
payload_fanin_node 4356
payload_fanin_node 4357
payload_fanin_node 4358
payload_fanin_node 4359
payload_fanin_node 4360
payload_fanin_node 4361
payload_fanin_node 4362
payload_fanin_node 4395
payload_fanin_node 4398
payload_fanin_node 4401
payload_fanin_node 4405
payload_fanin_node 4408
payload_fanin_node 4411
payload_fanin_node 4414
payload_fanin_node 4417
payload_fanin_node 4456
payload_fanin_node 4460
payload_fanin_node 4461
payload_fanin_node 4462
payload_fanin_node 4466
payload_fanin_node 4470
payload_fanin_node 4474
payload_fanin_node 4478
payload_fanin_node 4519
payload_fanin_node 4520
payload_fanin_node 4521
payload_fanin_node 4526
payload_fanin_node 4529
payload_fanin_node 4530
payload_fanin_node 4531
payload_fanin_node 4534
payload_fanin_node 4535
payload_fanin_node 4536
payload_fanin_node 4539
payload_fanin_node 4540
payload_fanin_node 4541
payload_fanin_node 4544
payload_fanin_node 4545
payload_fanin_node 4584
payload_fanin_node 4587
payload_fanin_node 4592
payload_fanin_node 4595
payload_fanin_node 4598
payload_fanin_node 4601
payload_fanin_node 4637
payload_fanin_node 4641
payload_fanin_node 4642
payload_fanin_node 4643
payload_fanin_node 4646
payload_fanin_node 4650
payload_fanin_node 4654
payload_fanin_node 4658
payload_fanin_node 4698
payload_fanin_node 4701
payload_fanin_node 4704
payload_fanin_node 4708
payload_fanin_node 4709
payload_fanin_node 4710
payload_fanin_node 4711
payload_fanin_node 4712
payload_fanin_node 4713
payload_fanin_node 4714
payload_fanin_node 4715
payload_fanin_node 4754
payload_fanin_node 4758
payload_fanin_node 4759
payload_fanin_node 4760
payload_fanin_node 4763
payload_fanin_node 4766
payload_fanin_node 4769
payload_fanin_node 4812
payload_fanin_node 4813
payload_fanin_node 4814
payload_fanin_node 4817
payload_fanin_node 4821
payload_fanin_node 4825
payload_fanin_node 4829
payload_fanin_node 4872
payload_fanin_node 4875
payload_fanin_node 4881
payload_fanin_node 4884
payload_fanin_node 4885
payload_fanin_node 4886
payload_fanin_node 4889
payload_fanin_node 4890
payload_fanin_node 4891
payload_fanin_node 4894
payload_fanin_node 4895
payload_fanin_node 4937
payload_fanin_node 4941
payload_fanin_node 4942
payload_fanin_node 4947
payload_fanin_node 4950
payload_fanin_node 4953
payload_fanin_node 4995
payload_fanin_node 4998
payload_fanin_node 5005
payload_fanin_node 5009
payload_fanin_node 5013
payload_fanin_node 5059
payload_fanin_node 5065
payload_fanin_node 5066
payload_fanin_node 5067
payload_fanin_node 5068
payload_fanin_node 5069
payload_fanin_node 5070
payload_fanin_node 5113
payload_fanin_node 5118
payload_fanin_node 5121
payload_fanin_node 5124
payload_fanin_node 5176
payload_fanin_node 5180
payload_fanin_node 5184
payload_fanin_node 5241
payload_fanin_node 5244
payload_fanin_node 5245
payload_fanin_node 5246
payload_fanin_node 5249
payload_fanin_node 5250
payload_fanin_node 5309
payload_fanin_node 5312
payload_fanin_node 5366
payload_fanin_node 5370
payload_fanin_node 5425
payload_fanin_node 5426
payload_fanin_node 5427
payload_fanin_node 5428
payload_fanin_node 5480
payload_fanin_node 5483
payload_fanin_node 5540
payload_fanin_node 5544
payload_fanin_node 5608
payload_fanin_node 5611
payload_fanin_node 5612
payload_fanin_node 5673
payload_fanin_node 5730
payload_fanin_node 5785
payload_fanin_node 5786
payload_fanin_node 5834
payload_fanin_node 5882
payload_fanin_node r0
payload_fanin_node r1
payload_fanin_node r2
payload_fanin_node r3
payload_fanin_node r4
payload_fix_nodes 7
payload_fix_node 990
payload_fix_node 2852
payload_fix_node r5
payload_fix_node 2902
payload_fix_node r0
payload_fix_node r2
payload_fix_node r4
payload_fix_candidate 990 area 2424 level 170 area_delta 2 level_delta 4
payload_fix_candidate 2852 area 2424 level 168 area_delta 2 level_delta 2
payload_fix_candidate r5 area 2424 level 167 area_delta 2 level_delta 1
payload_fix_candidate 2902 area 2424 level 167 area_delta 2 level_delta 1
payload_fix_candidate r0 area 2424 level 168 area_delta 2 level_delta 2
payload_fix_candidate r2 area 2424 level 167 area_delta 2 level_delta 1
payload_fix_candidate r4 area 2424 level 166 area_delta 2 level_delta 0
payload_fix_selected r4 area_delta 2 level_delta 0
payload_fix_bench ./trojaned_bench/c6288_trojan0_patched.bench
