groundtruth groundtruth/c2670_trojan47_error_patterns.json
patterns 1000000000 depth 15 eval 100000 neg_ratio 50 mine_rounds 15 mine_max 0
p1_trigger 0.8 p1_notrigger 0.2 include_pi 1 no_filter 1 force_split 0 strict_retry 1
pattern_total 12980
trigger_patterns 6490
notrigger_patterns 6490
trojan_rates 0.5
gate_zero_ratio
train_pos 6490 train_neg 324500
eval_normal 0 eval_false_pos 0
decision_tree_rules 1 depth_used 1 leaf_count 2
rule 1: 3858=1
sat_refine_skipped 1
training_set pos=6490 neg=324500
hard_mined 0 rounds 1
decision_tree_rules 1 depth_used 1 leaf_count 2
rule 1: 3858=1
train_pos 6490 train_neg 324500
train_false_neg 0 train_false_pos 0
eval_normal 0 eval_false_pos 0
mis match 6490
payload_patterns_with_mismatch 6490
payload_fanin_intersection nodes 649
payload_fanin_node 6
payload_fanin_node 8
payload_fanin_node 16
payload_fanin_node 22
payload_fanin_node 23
payload_fanin_node 24
payload_fanin_node 25
payload_fanin_node 29
payload_fanin_node 40
payload_fanin_node 43
payload_fanin_node 47
payload_fanin_node 48
payload_fanin_node 49
payload_fanin_node 50
payload_fanin_node 51
payload_fanin_node 52
payload_fanin_node 53
payload_fanin_node 54
payload_fanin_node 56
payload_fanin_node 60
payload_fanin_node 61
payload_fanin_node 62
payload_fanin_node 63
payload_fanin_node 64
payload_fanin_node 65
payload_fanin_node 66
payload_fanin_node 68
payload_fanin_node 72
payload_fanin_node 73
payload_fanin_node 74
payload_fanin_node 75
payload_fanin_node 76
payload_fanin_node 77
payload_fanin_node 78
payload_fanin_node 79
payload_fanin_node 81
payload_fanin_node 85
payload_fanin_node 86
payload_fanin_node 87
payload_fanin_node 88
payload_fanin_node 89
payload_fanin_node 90
payload_fanin_node 91
payload_fanin_node 92
payload_fanin_node 95
payload_fanin_node 101
payload_fanin_node 102
payload_fanin_node 104
payload_fanin_node 105
payload_fanin_node 107
payload_fanin_node 113
payload_fanin_node 114
payload_fanin_node 116
payload_fanin_node 117
payload_fanin_node 119
payload_fanin_node 125
payload_fanin_node 126
payload_fanin_node 128
payload_fanin_node 129
payload_fanin_node 131
payload_fanin_node 137
payload_fanin_node 138
payload_fanin_node 140
payload_fanin_node 141
payload_fanin_node 227
payload_fanin_node 234
payload_fanin_node 256
payload_fanin_node 259
payload_fanin_node 262
payload_fanin_node 263
payload_fanin_node 266
payload_fanin_node 269
payload_fanin_node 272
payload_fanin_node 275
payload_fanin_node 278
payload_fanin_node 281
payload_fanin_node 284
payload_fanin_node 287
payload_fanin_node 294
payload_fanin_node 297
payload_fanin_node 301
payload_fanin_node 305
payload_fanin_node 309
payload_fanin_node 319
payload_fanin_node 322
payload_fanin_node 425
payload_fanin_node 503
payload_fanin_node 506
payload_fanin_node 509
payload_fanin_node 521
payload_fanin_node 550
payload_fanin_node 562
payload_fanin_node 574
payload_fanin_node 578
payload_fanin_node 582
payload_fanin_node 594
payload_fanin_node 613
payload_fanin_node 625
payload_fanin_node 643
payload_fanin_node 655
payload_fanin_node 659
payload_fanin_node 663
payload_fanin_node 667
payload_fanin_node 671
payload_fanin_node 675
payload_fanin_node 679
payload_fanin_node 683
payload_fanin_node 687
payload_fanin_node 693
payload_fanin_node 705
payload_fanin_node 711
payload_fanin_node 715
payload_fanin_node 719
payload_fanin_node 723
payload_fanin_node 1037
payload_fanin_node 1042
payload_fanin_node 1053
payload_fanin_node 1065
payload_fanin_node 1066
payload_fanin_node 1067
payload_fanin_node 1068
payload_fanin_node 1070
payload_fanin_node 1075
payload_fanin_node 1086
payload_fanin_node 1097
payload_fanin_node 1098
payload_fanin_node 1099
payload_fanin_node 1100
payload_fanin_node 1101
payload_fanin_node 1102
payload_fanin_node 1113
payload_fanin_node 1124
payload_fanin_node 1125
payload_fanin_node 1146
payload_fanin_node 1157
payload_fanin_node 1169
payload_fanin_node 1170
payload_fanin_node 1171
payload_fanin_node 1178
payload_fanin_node 1190
payload_fanin_node 1195
payload_fanin_node 1200
payload_fanin_node 1234
payload_fanin_node 1237
payload_fanin_node 1240
payload_fanin_node 1243
payload_fanin_node 1246
payload_fanin_node 1454
payload_fanin_node 1455
payload_fanin_node 1456
payload_fanin_node 1457
payload_fanin_node 1458
payload_fanin_node 1459
payload_fanin_node 1460
payload_fanin_node 1461
payload_fanin_node 1462
payload_fanin_node 1463
payload_fanin_node 1464
payload_fanin_node 1465
payload_fanin_node 1466
payload_fanin_node 1467
payload_fanin_node 1468
payload_fanin_node 1469
payload_fanin_node 1470
payload_fanin_node 1471
payload_fanin_node 1472
payload_fanin_node 1473
payload_fanin_node 1474
payload_fanin_node 1475
payload_fanin_node 1476
payload_fanin_node 1477
payload_fanin_node 1478
payload_fanin_node 1479
payload_fanin_node 1480
payload_fanin_node 1481
payload_fanin_node 1482
payload_fanin_node 1483
payload_fanin_node 1484
payload_fanin_node 1485
payload_fanin_node 1486
payload_fanin_node 1524
payload_fanin_node 1525
payload_fanin_node 1526
payload_fanin_node 1527
payload_fanin_node 1528
payload_fanin_node 1532
payload_fanin_node 1533
payload_fanin_node 1534
payload_fanin_node 1535
payload_fanin_node 1536
payload_fanin_node 1537
payload_fanin_node 1538
payload_fanin_node 1539
payload_fanin_node 1540
payload_fanin_node 1549
payload_fanin_node 1550
payload_fanin_node 1551
payload_fanin_node 1552
payload_fanin_node 1564
payload_fanin_node 1600
payload_fanin_node 1606
payload_fanin_node 1612
payload_fanin_node 1615
payload_fanin_node 1619
payload_fanin_node 1624
payload_fanin_node 1628
payload_fanin_node 1631
payload_fanin_node 1634
payload_fanin_node 1637
payload_fanin_node 1642
payload_fanin_node 1676
payload_fanin_node 1681
payload_fanin_node 1686
payload_fanin_node 1836
payload_fanin_node 1841
payload_fanin_node 1848
payload_fanin_node 1852
payload_fanin_node 1856
payload_fanin_node 1863
payload_fanin_node 1870
payload_fanin_node 1875
payload_fanin_node 1880
payload_fanin_node 1891
payload_fanin_node 1894
payload_fanin_node 1897
payload_fanin_node 1915
payload_fanin_node 1916
payload_fanin_node 1917
payload_fanin_node 1918
payload_fanin_node 1928
payload_fanin_node 2067
payload_fanin_node 2070
payload_fanin_node 2073
payload_fanin_node 2076
payload_fanin_node 2079
payload_fanin_node 2113
payload_fanin_node 2119
payload_fanin_node 2128
payload_fanin_node 2135
payload_fanin_node 2213
payload_fanin_node 2216
payload_fanin_node 2250
payload_fanin_node 2312
payload_fanin_node 2313
payload_fanin_node 2314
payload_fanin_node 2315
payload_fanin_node 2316
payload_fanin_node 2317
payload_fanin_node 2318
payload_fanin_node 2319
payload_fanin_node 2320
payload_fanin_node 2321
payload_fanin_node 2359
payload_fanin_node 2376
payload_fanin_node 2377
payload_fanin_node 2382
payload_fanin_node 2391
payload_fanin_node 2395
payload_fanin_node 2403
payload_fanin_node 2412
payload_fanin_node 2413
payload_fanin_node 2414
payload_fanin_node 2415
payload_fanin_node 2416
payload_fanin_node 2472
payload_fanin_node 2475
payload_fanin_node 2478
payload_fanin_node 2481
payload_fanin_node 2537
payload_fanin_node 2540
payload_fanin_node 2549
payload_fanin_node 2550
payload_fanin_node 2551
payload_fanin_node 2552
payload_fanin_node 2553
payload_fanin_node 2603
payload_fanin_node 2607
payload_fanin_node 2608
payload_fanin_node 2609
payload_fanin_node 2610
payload_fanin_node 2611
payload_fanin_node 2612
payload_fanin_node 2630
payload_fanin_node 2631
payload_fanin_node 2632
payload_fanin_node 2633
payload_fanin_node 2634
payload_fanin_node 2635
payload_fanin_node 2636
payload_fanin_node 2638
payload_fanin_node 2645
payload_fanin_node 2646
payload_fanin_node 2655
payload_fanin_node 2656
payload_fanin_node 2659
payload_fanin_node 2665
payload_fanin_node 2666
payload_fanin_node 2667
payload_fanin_node 2668
payload_fanin_node 2669
payload_fanin_node 2729
payload_fanin_node 2738
payload_fanin_node 2748
payload_fanin_node 2761
payload_fanin_node 2766
payload_fanin_node 2789
payload_fanin_node 2790
payload_fanin_node 2791
payload_fanin_node 2792
payload_fanin_node 2809
payload_fanin_node 2810
payload_fanin_node 2811
payload_fanin_node 2812
payload_fanin_node 2820
payload_fanin_node 2831
payload_fanin_node 2844
payload_fanin_node 2854
payload_fanin_node 2859
payload_fanin_node 2869
payload_fanin_node 2894
payload_fanin_node 2895
payload_fanin_node 2896
payload_fanin_node 2897
payload_fanin_node 2898
payload_fanin_node 2899
payload_fanin_node 2900
payload_fanin_node 2901
payload_fanin_node 2914
payload_fanin_node 2915
payload_fanin_node 2916
payload_fanin_node 2917
payload_fanin_node 2918
payload_fanin_node 2919
payload_fanin_node 2920
payload_fanin_node 2921
payload_fanin_node 2972
payload_fanin_node 2975
payload_fanin_node 2978
payload_fanin_node 2981
payload_fanin_node 2984
payload_fanin_node 2985
payload_fanin_node 2986
payload_fanin_node 2989
payload_fanin_node 3007
payload_fanin_node 3008
payload_fanin_node 3009
payload_fanin_node 3010
payload_fanin_node 3013
payload_fanin_node 3016
payload_fanin_node 3019
payload_fanin_node 3022
payload_fanin_node 3025
payload_fanin_node 3029
payload_fanin_node 3030
payload_fanin_node 3035
payload_fanin_node 3036
payload_fanin_node 3037
payload_fanin_node 3039
payload_fanin_node 3044
payload_fanin_node 3045
payload_fanin_node 3046
payload_fanin_node 3050
payload_fanin_node 3053
payload_fanin_node 3054
payload_fanin_node 3055
payload_fanin_node 3056
payload_fanin_node 3057
payload_fanin_node 3058
payload_fanin_node 3059
payload_fanin_node 3060
payload_fanin_node 3061
payload_fanin_node 3064
payload_fanin_node 3065
payload_fanin_node 3066
payload_fanin_node 3067
payload_fanin_node 3068
payload_fanin_node 3069
payload_fanin_node 3070
payload_fanin_node 3071
payload_fanin_node 3088
payload_fanin_node 3091
payload_fanin_node 3110
payload_fanin_node 3113
payload_fanin_node 3137
payload_fanin_node 3140
payload_fanin_node 3143
payload_fanin_node 3146
payload_fanin_node 3149
payload_fanin_node 3152
payload_fanin_node 3157
payload_fanin_node 3160
payload_fanin_node 3163
payload_fanin_node 3166
payload_fanin_node 3169
payload_fanin_node 3172
payload_fanin_node 3197
payload_fanin_node 3208
payload_fanin_node 3215
payload_fanin_node 3216
payload_fanin_node 3217
payload_fanin_node 3218
payload_fanin_node 3219
payload_fanin_node 3220
payload_fanin_node 3222
payload_fanin_node 3223
payload_fanin_node 3230
payload_fanin_node 3231
payload_fanin_node 3244
payload_fanin_node 3247
payload_fanin_node 3250
payload_fanin_node 3253
payload_fanin_node 3256
payload_fanin_node 3259
payload_fanin_node 3262
payload_fanin_node 3265
payload_fanin_node 3268
payload_fanin_node 3271
payload_fanin_node 3274
payload_fanin_node 3277
payload_fanin_node r6
payload_fanin_node 3288
payload_fanin_node 3291
payload_fanin_node 3293
payload_fanin_node 3295
payload_fanin_node 3296
payload_fanin_node 3299
payload_fanin_node 3301
payload_fanin_node 3302
payload_fanin_node 3304
payload_fanin_node 3306
payload_fanin_node 3308
payload_fanin_node 3309
payload_fanin_node 3312
payload_fanin_node 3314
payload_fanin_node 3315
payload_fanin_node 3318
payload_fanin_node 3321
payload_fanin_node 3324
payload_fanin_node 3327
payload_fanin_node 3330
payload_fanin_node 3334
payload_fanin_node 3335
payload_fanin_node 3336
payload_fanin_node 3337
payload_fanin_node 3340
payload_fanin_node 3344
payload_fanin_node 3348
payload_fanin_node 3352
payload_fanin_node 3356
payload_fanin_node 3360
payload_fanin_node 3364
payload_fanin_node 3367
payload_fanin_node 3370
payload_fanin_node 3374
payload_fanin_node 3378
payload_fanin_node 3382
payload_fanin_node 3386
payload_fanin_node 3390
payload_fanin_node 3394
payload_fanin_node 3397
payload_fanin_node 3409
payload_fanin_node 3412
payload_fanin_node 3414
payload_fanin_node 3416
payload_fanin_node 3418
payload_fanin_node 3420
payload_fanin_node 3422
payload_fanin_node 3428
payload_fanin_node 3430
payload_fanin_node 3432
payload_fanin_node 3434
payload_fanin_node 3436
payload_fanin_node 3438
payload_fanin_node 3440
payload_fanin_node 3450
payload_fanin_node 3453
payload_fanin_node 3456
payload_fanin_node 3459
payload_fanin_node 3479
payload_fanin_node 3480
payload_fanin_node 3482
payload_fanin_node 3483
payload_fanin_node 3484
payload_fanin_node 3485
payload_fanin_node 3486
payload_fanin_node 3487
payload_fanin_node 3488
payload_fanin_node 3489
payload_fanin_node 3490
payload_fanin_node 3491
payload_fanin_node 3492
payload_fanin_node 3493
payload_fanin_node 3494
payload_fanin_node 3496
payload_fanin_node 3498
payload_fanin_node 3499
payload_fanin_node 3500
payload_fanin_node 3501
payload_fanin_node 3502
payload_fanin_node 3503
payload_fanin_node 3504
payload_fanin_node 3505
payload_fanin_node 3506
payload_fanin_node 3507
payload_fanin_node 3508
payload_fanin_node 3509
payload_fanin_node 3510
payload_fanin_node 3511
payload_fanin_node 3512
payload_fanin_node 3513
payload_fanin_node 3515
payload_fanin_node 3517
payload_fanin_node 3528
payload_fanin_node 3531
payload_fanin_node 3534
payload_fanin_node 3537
payload_fanin_node 3540
payload_fanin_node 3543
payload_fanin_node 3552
payload_fanin_node 3553
payload_fanin_node 3554
payload_fanin_node 3555
payload_fanin_node 3556
payload_fanin_node 3557
payload_fanin_node 3558
payload_fanin_node 3559
payload_fanin_node 3563
payload_fanin_node 3564
payload_fanin_node 3565
payload_fanin_node 3566
payload_fanin_node 3567
payload_fanin_node 3568
payload_fanin_node 3569
payload_fanin_node 3570
payload_fanin_node 3576
payload_fanin_node 3579
payload_fanin_node 3585
payload_fanin_node 3588
payload_fanin_node 3596
payload_fanin_node 3597
payload_fanin_node 3598
payload_fanin_node 3599
payload_fanin_node 3603
payload_fanin_node 3608
payload_fanin_node 3612
payload_fanin_node 3615
payload_fanin_node 3616
payload_fanin_node 3622
payload_fanin_node 3629
payload_fanin_node 3630
payload_fanin_node 3631
payload_fanin_node 3632
payload_fanin_node 3633
payload_fanin_node 3634
payload_fanin_node 3635
payload_fanin_node 3640
payload_fanin_node 3644
payload_fanin_node 3647
payload_fanin_node 3648
payload_fanin_node 3654
payload_fanin_node 3661
payload_fanin_node 3662
payload_fanin_node 3669
payload_fanin_node 3670
payload_fanin_node 3691
payload_fanin_node 3692
payload_fanin_node 3693
payload_fanin_node 3694
payload_fanin_node 3695
payload_fanin_node 3696
payload_fanin_node 3697
payload_fanin_node 3716
payload_fanin_node 3717
payload_fanin_node 3718
payload_fanin_node 3719
payload_fanin_node 3720
payload_fanin_node 3723
payload_fanin_node 3726
payload_fanin_node 3728
payload_fanin_node 3729
payload_fanin_node 3730
payload_fanin_node 3731
payload_fanin_node 3732
payload_fanin_node 3733
payload_fanin_node 3734
payload_fanin_node 3735
payload_fanin_node 3736
payload_fanin_node 3737
payload_fanin_node 3740
payload_fanin_node 3741
payload_fanin_node 3742
payload_fanin_node 3743
payload_fanin_node 3744
payload_fanin_node 3745
payload_fanin_node 3746
payload_fanin_node 3747
payload_fanin_node 3748
payload_fanin_node 3749
payload_fanin_node 3754
payload_fanin_node 3758
payload_fanin_node 3761
payload_fanin_node 3762
payload_fanin_node 3767
payload_fanin_node 3771
payload_fanin_node 3774
payload_fanin_node 3775
payload_fanin_node 3778
payload_fanin_node 3779
payload_fanin_node 3793
payload_fanin_node 3794
payload_fanin_node 3802
payload_fanin_node 3805
payload_fanin_node 3806
payload_fanin_node 3807
payload_fanin_node 3808
payload_fanin_node 3811
payload_fanin_node 3812
payload_fanin_node 3813
payload_fanin_node 3814
payload_fanin_node 3815
payload_fanin_node 3816
payload_fanin_node 3817
payload_fanin_node 3818
payload_fanin_node 3820
payload_fanin_node 3821
payload_fanin_node 3822
payload_fanin_node 3823
payload_fanin_node 3827
payload_fanin_node 3834
payload_fanin_node 3835
payload_fanin_node 3836
payload_fanin_node 3837
payload_fanin_node 3838
payload_fanin_node 3839
payload_fanin_node 3840
payload_fanin_node 3843
payload_fanin_node 3852
payload_fanin_node 3857
payload_fanin_node 3858
payload_fanin_node 3859
payload_fanin_node 3864
payload_fanin_node 3869
payload_fanin_node 3870
payload_fanin_node r0
payload_fanin_node r1
payload_fanin_node r2
payload_fanin_node r3
payload_fanin_node r4
payload_fanin_node r5
payload_fix_nodes 83
payload_fix_node 40
payload_fix_node 1897
payload_fix_node 2119
payload_fix_node 2213
payload_fix_node 2250
payload_fix_node 2359
payload_fix_node 2472
payload_fix_node 2475
payload_fix_node 2540
payload_fix_node 2603
payload_fix_node 2659
payload_fix_node 2761
payload_fix_node 2766
payload_fix_node 2854
payload_fix_node 2869
payload_fix_node 3059
payload_fix_node 3060
payload_fix_node 3070
payload_fix_node 3149
payload_fix_node 3152
payload_fix_node 3169
payload_fix_node 3197
payload_fix_node 3244
payload_fix_node 3247
payload_fix_node 3250
payload_fix_node 3253
payload_fix_node 3256
payload_fix_node 3259
payload_fix_node 3265
payload_fix_node r6
payload_fix_node 3288
payload_fix_node 3340
payload_fix_node 3344
payload_fix_node 3348
payload_fix_node 3352
payload_fix_node 3356
payload_fix_node 3360
payload_fix_node 3364
payload_fix_node 3367
payload_fix_node 3374
payload_fix_node 3409
payload_fix_node 3412
payload_fix_node 3414
payload_fix_node 3432
payload_fix_node 3483
payload_fix_node 3485
payload_fix_node 3504
payload_fix_node 3528
payload_fix_node 3531
payload_fix_node 3534
payload_fix_node 3576
payload_fix_node 3579
payload_fix_node 3603
payload_fix_node 3608
payload_fix_node 3612
payload_fix_node 3615
payload_fix_node 3616
payload_fix_node 3622
payload_fix_node 3723
payload_fix_node 3726
payload_fix_node 3730
payload_fix_node 3731
payload_fix_node 3754
payload_fix_node 3758
payload_fix_node 3761
payload_fix_node 3779
payload_fix_node 3802
payload_fix_node 3806
payload_fix_node 3817
payload_fix_node 3818
payload_fix_node 3823
payload_fix_node 3835
payload_fix_node 3840
payload_fix_node 3852
payload_fix_node 3858
payload_fix_node 3859
payload_fix_node 3864
payload_fix_node 3869
payload_fix_node 3870
payload_fix_node r0
payload_fix_node r1
payload_fix_node r3
payload_fix_node r5
payload_fix_candidate 3858 area 1201 level 38 area_delta 1 level_delta 1
payload_fix_candidate 3859 area 1201 level 38 area_delta 1 level_delta 1
payload_fix_candidate 3864 area 1201 level 38 area_delta 1 level_delta 1
payload_fix_candidate 3869 area 1201 level 38 area_delta 1 level_delta 1
payload_fix_candidate 3870 area 1201 level 38 area_delta 1 level_delta 1
payload_fix_selected 3858 area_delta 1 level_delta 1
payload_fix_bench ./trojaned_bench/c2670_trojan47_patched.bench
